Loading modules...
Setting folders...
Activating virtual environment...
Running python script...

🔍 GPU Memory Usage: Before running main()
Total available: 81079.12 MB
Allocated: 0.00 MB
Reserved : 0.00 MB
Using only the first 700 samples for training/evaluation
📁 Checkpoint directory: /scratch/nicolasal97/multi_label/checkpoints/default_20251113_170211
🚀 Starting (Enhanced) Training Pipeline
============================================================
⚠️ Limited to 700 samples for testing
📊 Dataset: 700 samples, 5 tasks
🏷️ Tasks: ['modernizante', 'estructuralista', 'neoliberal', 'posmoderna', 'voluntarista']
============================================================
📈 ANÁLISIS DE DISTRIBUCIÓN DEL DATASET
============================================================
1️⃣ Analizando distribución de clases...
   📊 Resumen Global:
   - Total samples: 700
   - Severidad general: SEVERE
   - IR promedio: 92.52
   - IR máximo: 342.50
   - Tarea más desbalanceada: posmoderna
   📋 Detalles por tarea:
   - modernizante        : IR= 2.59 | Entropy=0.85 | Minority=27.9% | [balanced]
   - estructuralista     : IR= 4.49 | Entropy=1.31 | Minority=13.9% | [moderate]
   - neoliberal          : IR=28.83 | Entropy=0.95 | Minority=2.6% | [severe]
   - posmoderna          : IR=342.50 | Entropy=0.16 | Minority=0.3% | [severe]
   - voluntarista        : IR=84.20 | Entropy=1.02 | Minority=0.7% | [severe]
2️⃣ Analizando combinaciones de etiquetas...
   🔢 Estadísticas de combinaciones:
   - Combinaciones únicas: 45
   - Combinaciones posibles: 243
   - Cobertura: 18.5%
   - Combinaciones raras (<5 samples): 26 (57.8%)
   ⚡ Casos extremos:
   - All positive [1,1,1,1,1]: 0 (0.00%)
   - All negative [-1,-1,-1,-1,-1]: 0 (0.00%)
   - All neutral [0,0,0,0,0]: 232 (33.14%)
3️⃣ Dividiendo datos en train/val/test...
📊 Data split: Train=490, Val=105, Test=105
   - Train: 490 samples (70.0%)
   - Val:   105 samples (15.0%)
   - Test:  105 samples (15.0%)
4️⃣ Comparando distribuciones entre splits...
   ⚠️  4 tareas con distribuciones inconsistentes
   - Desviación máxima: 11.43%
   Warnings:
     • modernizante: High distribution deviation detected (11.43%)
     • modernizante: Some classes missing in train set
     • modernizante: Some classes missing in val set
5️⃣ Analizando correlaciones entre tareas...
   🔗 Score de independencia: 0.872
   - 0 correlaciones fuertes detectadas (|r| > 0.5)
   💡 Insights:
     • No se detectaron correlaciones fuertes entre tareas (todas <0.5)
     • Las tareas son en general independientes (score=0.872). Multi-task learning puede ser muy beneficioso.
     • 'modernizante' es la tarea más independiente (correlación promedio=0.088)
6️⃣ Calculando class weights para loss function...
   ⚖️  Weights calculados con método: 'effective'
   Weights por tarea (formato: [-1, 0, 1]):
   - modernizante        : [2.970, 0.009, 0.021]
   - estructuralista     : [0.971, 0.366, 1.663]
   - neoliberal          : [2.580, 0.102, 0.318]
   - posmoderna          : [2.529, 0.011, 0.460]
   - voluntarista        : [2.898, 0.039, 0.063]
7️⃣ Identificando muestras críticas...
   📌 Estadísticas:
   - Muestras con todas las etiquetas iguales: 163
   - Muestras con etiquetas mixtas: 327
   - Promedio de etiquetas positivas por muestra: 1.06
   - Promedio de etiquetas negativas por muestra: 0.28
   ⚠️  Recomendaciones críticas:
     • ⚠️ CRÍTICO: Solo 0 muestras con todas las etiquetas positivas. Insuficiente para aprender este patrón. Considerar recolectar más datos.
     • ⚠️ CRÍTICO: Solo 0 muestras con todas las etiquetas negativas. Insuficiente para aprender este patrón.
     • ⚠️ Tarea 'posmoderna': Solo 0 muestras donde es la única etiqueta positiva. Puede dificultar el aprendizaje de esta perspectiva de forma independiente.
8️⃣ Generando recomendaciones estratégicas...
   🎯 Estrategia Recomendada:
   - Severidad: SEVERE
   - Estrategia primaria: focal_loss_with_class_weights
   - Estrategias secundarias:
     • aggressive_oversampling
     • ensemble_models
     • task_specific_training
   🚨 WARNINGS CRÍTICOS:
     🚨 SEVERO: Desbalanceo extremo detectado (IR>20). Considerar seriamente recolectar más datos de clases minoritarias.
     ⚠️ 57.8% de combinaciones de etiquetas son raras (<1% o <5 samples). Stratified CV será problemático.
     ⚠️ Distribuciones train/val/test son inconsistentes. Verificar estrategia de split.
     ⚠️ CRÍTICO: Solo 0 muestras con todas las etiquetas positivas. Insuficiente para aprender este patrón. Considerar recolectar más datos.
     ⚠️ CRÍTICO: Solo 0 muestras con todas las etiquetas negativas. Insuficiente para aprender este patrón.
     ⚠️ Tarea 'posmoderna': Solo 0 muestras donde es la única etiqueta positiva. Puede dificultar el aprendizaje de esta perspectiva de forma independiente.
============================================================
⚠️ Desbalanceo severo detectado. Aplicando parafraseo sintético...
======================================================================
🚀 SIMPLE PARAPHRASE AUGMENTATION
   Modelo: milyiyo/paraphraser-spanish-t5-small
   Device: cuda
======================================================================
📦 Cargando modelo de parafraseo...
