Loading modules...
Setting folders...
Activating virtual environment...
Running python script...

🔍 GPU Memory Usage: Before running main()
Total available: 24112.25 MB
Allocated: 0.00 MB
Reserved : 0.00 MB
Using only the first 600 samples for training/evaluation
📁 Checkpoint directory: /scratch/nicolasal97/multi_label/checkpoints/default_20251112_232441
🚀 Starting (Enhanced) Training Pipeline
============================================================
⚠️ Limited to 600 samples for testing
📊 Dataset: 600 samples, 5 tasks
🏷️ Tasks: ['modernizante', 'estructuralista', 'neoliberal', 'posmoderna', 'voluntarista']
============================================================
📈 ANÁLISIS DE DISTRIBUCIÓN DEL DATASET
============================================================
1️⃣ Analizando distribución de clases...
   📊 Resumen Global:
   - Total samples: 600
   - Severidad general: SEVERE
   - IR promedio: 81.79
   - IR máximo: 292.50
   - Tarea más desbalanceada: posmoderna
   📋 Detalles por tarea:
   - modernizante        : IR= 2.37 | Entropy=0.88 | Minority=29.7% | [balanced]
   - estructuralista     : IR= 4.09 | Entropy=1.36 | Minority=14.5% | [moderate]
   - neoliberal          : IR=24.50 | Entropy=0.97 | Minority=3.0% | [severe]
   - posmoderna          : IR=292.50 | Entropy=0.18 | Minority=0.3% | [severe]
   - voluntarista        : IR=85.50 | Entropy=1.04 | Minority=0.7% | [severe]
2️⃣ Analizando combinaciones de etiquetas...
   🔢 Estadísticas de combinaciones:
   - Combinaciones únicas: 44
   - Combinaciones posibles: 243
   - Cobertura: 18.1%
   - Combinaciones raras (<5 samples): 25 (56.8%)
   ⚡ Casos extremos:
   - All positive [1,1,1,1,1]: 0 (0.00%)
   - All negative [-1,-1,-1,-1,-1]: 0 (0.00%)
   - All neutral [0,0,0,0,0]: 176 (29.33%)
3️⃣ Dividiendo datos en train/val/test...
📊 Data split: Train=420, Val=90, Test=90
   - Train: 420 samples (70.0%)
   - Val:   90 samples (15.0%)
   - Test:  90 samples (15.0%)
4️⃣ Comparando distribuciones entre splits...
   ⚠️  5 tareas con distribuciones inconsistentes
   - Desviación máxima: 16.11%
   Warnings:
     • modernizante: High distribution deviation detected (7.78%)
     • modernizante: Some classes missing in train set
     • modernizante: Some classes missing in val set
5️⃣ Analizando correlaciones entre tareas...
   🔗 Score de independencia: 0.874
   - 0 correlaciones fuertes detectadas (|r| > 0.5)
   💡 Insights:
     • No se detectaron correlaciones fuertes entre tareas (todas <0.5)
     • Las tareas son en general independientes (score=0.874). Multi-task learning puede ser muy beneficioso.
     • 'modernizante' es la tarea más independiente (correlación promedio=0.102)
6️⃣ Calculando class weights para loss function...
   ⚖️  Weights calculados con método: 'effective'
   Weights por tarea (formato: [-1, 0, 1]):
   - modernizante        : [2.966, 0.010, 0.024]
   - estructuralista     : [0.920, 0.422, 1.658]
   - neoliberal          : [2.538, 0.119, 0.343]
   - posmoderna          : [2.489, 0.012, 0.498]
   - voluntarista        : [2.915, 0.039, 0.047]
7️⃣ Identificando muestras críticas...
   📌 Estadísticas:
   - Muestras con todas las etiquetas iguales: 114
   - Muestras con etiquetas mixtas: 306
   - Promedio de etiquetas positivas por muestra: 1.17
   - Promedio de etiquetas negativas por muestra: 0.31
   ⚠️  Recomendaciones críticas:
     • ⚠️ CRÍTICO: Solo 0 muestras con todas las etiquetas positivas. Insuficiente para aprender este patrón. Considerar recolectar más datos.
     • ⚠️ CRÍTICO: Solo 0 muestras con todas las etiquetas negativas. Insuficiente para aprender este patrón.
     • ⚠️ Tarea 'posmoderna': Solo 0 muestras donde es la única etiqueta positiva. Puede dificultar el aprendizaje de esta perspectiva de forma independiente.
8️⃣ Generando recomendaciones estratégicas...
   🎯 Estrategia Recomendada:
   - Severidad: SEVERE
   - Estrategia primaria: focal_loss_with_class_weights
   - Estrategias secundarias:
     • aggressive_oversampling
     • ensemble_models
     • task_specific_training
   🚨 WARNINGS CRÍTICOS:
     🚨 SEVERO: Desbalanceo extremo detectado (IR>20). Considerar seriamente recolectar más datos de clases minoritarias.
     ⚠️ 56.8% de combinaciones de etiquetas son raras (<1% o <5 samples). Stratified CV será problemático.
     ⚠️ Distribuciones train/val/test son inconsistentes. Verificar estrategia de split.
     ⚠️ CRÍTICO: Solo 0 muestras con todas las etiquetas positivas. Insuficiente para aprender este patrón. Considerar recolectar más datos.
     ⚠️ CRÍTICO: Solo 0 muestras con todas las etiquetas negativas. Insuficiente para aprender este patrón.
     ⚠️ Tarea 'posmoderna': Solo 0 muestras donde es la única etiqueta positiva. Puede dificultar el aprendizaje de esta perspectiva de forma independiente.
============================================================
⚠️ Desbalanceo severo detectado. Aplicando parafraseo sintético...
======================================================================
🚀 SIMPLE PARAPHRASE AUGMENTATION
   Modelo: milyiyo/paraphraser-spanish-t5-small
   Device: cuda
======================================================================
📦 Cargando modelo de parafraseo...
